../Core/Src/liquidcrystal_i2c.c:41:6:HD44780_Init	16	static
../Core/Src/liquidcrystal_i2c.c:92:6:HD44780_Clear	8	static
../Core/Src/liquidcrystal_i2c.c:98:6:HD44780_Home	8	static
../Core/Src/liquidcrystal_i2c.c:104:6:HD44780_SetCursor	40	static
../Core/Src/liquidcrystal_i2c.c:114:6:HD44780_NoDisplay	8	static
../Core/Src/liquidcrystal_i2c.c:120:6:HD44780_Display	8	static
../Core/Src/liquidcrystal_i2c.c:126:6:HD44780_NoCursor	8	static
../Core/Src/liquidcrystal_i2c.c:132:6:HD44780_Cursor	8	static
../Core/Src/liquidcrystal_i2c.c:138:6:HD44780_NoBlink	8	static
../Core/Src/liquidcrystal_i2c.c:144:6:HD44780_Blink	8	static
../Core/Src/liquidcrystal_i2c.c:150:6:HD44780_ScrollDisplayLeft	8	static
../Core/Src/liquidcrystal_i2c.c:155:6:HD44780_ScrollDisplayRight	8	static
../Core/Src/liquidcrystal_i2c.c:160:6:HD44780_LeftToRight	8	static
../Core/Src/liquidcrystal_i2c.c:166:6:HD44780_RightToLeft	8	static
../Core/Src/liquidcrystal_i2c.c:172:6:HD44780_AutoScroll	8	static
../Core/Src/liquidcrystal_i2c.c:178:6:HD44780_NoAutoScroll	8	static
../Core/Src/liquidcrystal_i2c.c:184:6:HD44780_CreateSpecialChar	24	static
../Core/Src/liquidcrystal_i2c.c:194:6:HD44780_PrintSpecialChar	16	static
../Core/Src/liquidcrystal_i2c.c:199:6:HD44780_LoadCustomCharacter	16	static
../Core/Src/liquidcrystal_i2c.c:204:6:HD44780_PrintStr	16	static
../Core/Src/liquidcrystal_i2c.c:209:6:HD44780_SetBacklight	16	static
../Core/Src/liquidcrystal_i2c.c:215:6:HD44780_NoBacklight	8	static
../Core/Src/liquidcrystal_i2c.c:221:6:HD44780_Backlight	8	static
../Core/Src/liquidcrystal_i2c.c:227:13:SendCommand	16	static
../Core/Src/liquidcrystal_i2c.c:232:13:SendChar	16	static
../Core/Src/liquidcrystal_i2c.c:237:13:Send	24	static
../Core/Src/liquidcrystal_i2c.c:245:13:Write4Bits	16	static
../Core/Src/liquidcrystal_i2c.c:251:13:ExpanderWrite	32	static
../Core/Src/liquidcrystal_i2c.c:257:13:PulseEnable	16	static
